Copyright 1986-2022 Xilinx, Inc. All Rights Reserved. Copyright 2022-2025 Advanced Micro Devices, Inc. All Rights Reserved.
---------------------------------------------------------------------------------------------------------------------------------------------
| Tool Version : Vivado v.2025.2 (win64) Build 6299465 Fri Nov 14 19:35:11 GMT 2025
| Date         : Sun Aug  9 13:32:17 2026
| Host         : Deepak running 64-bit major release  (build 9200)
| Command      : report_timing_summary -file C:/temp/mnist_cnn_accelerator/docs/reports/post_route_timing.rpt
| Design       : axis_cnn_mnist
| Device       : 7a200t-sbg484
| Speed File   : -1  PRODUCTION 1.23 2018-06-13
| Design State : Routed
---------------------------------------------------------------------------------------------------------------------------------------------

Timing Summary Report

------------------------------------------------------------------------------------------------
| Timer Settings
| --------------
------------------------------------------------------------------------------------------------

  Enable Multi Corner Analysis               :  Yes
  Enable Pessimism Removal                   :  Yes
  Pessimism Removal Resolution               :  Nearest Common Node
  Enable Input Delay Default Clock           :  No
  Enable Preset / Clear Arcs                 :  No
  Disable Flight Delays                      :  No
  Ignore I/O Paths                           :  No
  Timing Early Launch at Borrowing Latches   :  No
  Borrow Time for Max Delay Exceptions       :  Yes
  Merge Timing Exceptions                    :  Yes
  Inter-SLR Compensation                     :  Conservative

  Corner  Analyze    Analyze    
  Name    Max Paths  Min Paths  
  ------  ---------  ---------  
  Slow    Yes        Yes        
  Fast    Yes        Yes        


------------------------------------------------------------------------------------------------
| Report Methodology
| ------------------
------------------------------------------------------------------------------------------------

Rule       Severity  Description                    Violations  
---------  --------  -----------------------------  ----------  
SYNTH-9    Warning   Small multiplier               15          
TIMING-18  Warning   Missing input or output delay  21          

Note: This report is based on the most recent report_methodology run and may not be up-to-date. Run report_methodology on the current design for the latest report.



check_timing report

Table of Contents
-----------------
1. checking no_clock (0)
2. checking constant_clock (0)
3. checking pulse_width_clock (0)
4. checking unconstrained_internal_endpoints (0)
5. checking no_input_delay (10)
6. checking no_output_delay (7)
7. checking multiple_clock (0)
8. checking generated_clocks (0)
9. checking loops (0)
10. checking partial_input_delay (0)
11. checking partial_output_delay (0)
12. checking latch_loops (0)

1. checking no_clock (0)
------------------------
 There are 0 register/latch pins with no clock.


2. checking constant_clock (0)
------------------------------
 There are 0 register/latch pins with constant_clock.


3. checking pulse_width_clock (0)
---------------------------------
 There are 0 register/latch pins which need pulse_width check


4. checking unconstrained_internal_endpoints (0)
------------------------------------------------
 There are 0 pins that are not constrained for maximum delay.

 There are 0 pins that are not constrained for maximum delay due to constant clock.


5. checking no_input_delay (10)
-------------------------------
 There are 10 input ports with no input delay specified. (HIGH)

 There are 0 input ports with no input delay but user has a false path constraint.


6. checking no_output_delay (7)
-------------------------------
 There are 7 ports with no output delay specified. (HIGH)

 There are 0 ports with no output delay but user has a false path constraint

 There are 0 ports with no output delay but with a timing clock defined on it or propagating through it


7. checking multiple_clock (0)
------------------------------
 There are 0 register/latch pins with multiple clocks.


8. checking generated_clocks (0)
--------------------------------
 There are 0 generated clocks that are not connected to a clock source.


9. checking loops (0)
---------------------
 There are 0 combinational loops in the design.


10. checking partial_input_delay (0)
------------------------------------
 There are 0 input ports with partial input delay specified.


11. checking partial_output_delay (0)
-------------------------------------
 There are 0 ports with partial output delay specified.


12. checking latch_loops (0)
----------------------------
 There are 0 combinational latch loops in the design through latch input



------------------------------------------------------------------------------------------------
| Design Timing Summary
| ---------------------
------------------------------------------------------------------------------------------------

    WNS(ns)      TNS(ns)  TNS Failing Endpoints  TNS Total Endpoints      WHS(ns)      THS(ns)  THS Failing Endpoints  THS Total Endpoints     WPWS(ns)     TPWS(ns)  TPWS Failing Endpoints  TPWS Total Endpoints  
    -------      -------  ---------------------  -------------------      -------      -------  ---------------------  -------------------     --------     --------  ----------------------  --------------------  
     32.971        0.000                      0                35486        0.034        0.000                      0                35486       26.520        0.000                       0                  8793  


All user specified timing constraints are met.


------------------------------------------------------------------------------------------------
| Clock Summary
| -------------
------------------------------------------------------------------------------------------------

Clock        Waveform(ns)       Period(ns)      Frequency(MHz)
-----        ------------       ----------      --------------
sys_clk_pin  {0.000 27.500}     55.000          18.182          


------------------------------------------------------------------------------------------------
| Intra Clock Table
| -----------------
------------------------------------------------------------------------------------------------

Clock             WNS(ns)      TNS(ns)  TNS Failing Endpoints  TNS Total Endpoints      WHS(ns)      THS(ns)  THS Failing Endpoints  THS Total Endpoints     WPWS(ns)     TPWS(ns)  TPWS Failing Endpoints  TPWS Total Endpoints  
-----             -------      -------  ---------------------  -------------------      -------      -------  ---------------------  -------------------     --------     --------  ----------------------  --------------------  
sys_clk_pin        32.971        0.000                      0                35486        0.034        0.000                      0                35486       26.520        0.000                       0                  8793  


------------------------------------------------------------------------------------------------
| Inter Clock Table
| -----------------
------------------------------------------------------------------------------------------------

From Clock    To Clock          WNS(ns)      TNS(ns)  TNS Failing Endpoints  TNS Total Endpoints      WHS(ns)      THS(ns)  THS Failing Endpoints  THS Total Endpoints  
----------    --------          -------      -------  ---------------------  -------------------      -------      -------  ---------------------  -------------------  


------------------------------------------------------------------------------------------------
| Other Path Groups Table
| -----------------------
------------------------------------------------------------------------------------------------

Path Group    From Clock    To Clock          WNS(ns)      TNS(ns)  TNS Failing Endpoints  TNS Total Endpoints      WHS(ns)      THS(ns)  THS Failing Endpoints  THS Total Endpoints  
----------    ----------    --------          -------      -------  ---------------------  -------------------      -------      -------  ---------------------  -------------------  


------------------------------------------------------------------------------------------------
| Timing Details
| --------------
------------------------------------------------------------------------------------------------


---------------------------------------------------------------------------------------------------
From Clock:  sys_clk_pin
  To Clock:  sys_clk_pin

Setup :            0  Failing Endpoints,  Worst Slack       32.971ns,  Total Violation        0.000ns
Hold  :            0  Failing Endpoints,  Worst Slack        0.034ns,  Total Violation        0.000ns
PW    :            0  Failing Endpoints,  Worst Slack       26.520ns,  Total Violation        0.000ns
---------------------------------------------------------------------------------------------------


Max Delay Paths
--------------------------------------------------------------------------------------
Slack (MET) :             32.971ns  (required time - arrival time)
  Source:                 fully_connected/out_idx_reg[0]_rep__0/C
                            (rising edge-triggered cell FDRE clocked by sys_clk_pin  {rise@0.000ns fall@27.500ns period=55.000ns})
  Destination:            fully_connected/calc_out_tmp0_reg/C[22]
                            (rising edge-triggered cell DSP48E1 clocked by sys_clk_pin  {rise@0.000ns fall@27.500ns period=55.000ns})
  Path Group:             sys_clk_pin
  Path Type:              Setup (Max at Slow Process Corner)
  Requirement:            55.000ns  (sys_clk_pin rise@55.000ns - sys_clk_pin rise@0.000ns)
  Data Path Delay:        20.256ns  (logic 5.037ns (24.867%)  route 15.219ns (75.133%))
  Logic Levels:           5  (DSP48E1=1 LUT2=2 LUT5=1 LUT6=1)
  Clock Path Skew:        -0.037ns (DCD - SCD + CPR)
    Destination Clock Delay (DCD):    5.400ns = ( 60.400 - 55.000 ) 
    Source Clock Delay      (SCD):    5.638ns
    Clock Pessimism Removal (CPR):    0.201ns
  Clock Uncertainty:      0.035ns  ((TSJ^2 + TIJ^2)^1/2 + DJ) / 2 + PE
    Total System Jitter     (TSJ):    0.071ns
    Total Input Jitter      (TIJ):    0.000ns
    Discrete Jitter          (DJ):    0.000ns
    Phase Error              (PE):    0.000ns

    Location             Delay type                Incr(ns)  Path(ns)    Netlist Resource(s)
  -------------------------------------------------------------------    -------------------
                         (clock sys_clk_pin rise edge)
                                                      0.000     0.000 r  
    R4                                                0.000     0.000 r  aclk (IN)
                         net (fo=0)                   0.000     0.000    aclk
    R4                   IBUF (Prop_ibuf_I_O)         1.475     1.475 r  aclk_IBUF_inst/O
                         net (fo=1, routed)           2.114     3.589    aclk_IBUF
    BUFGCTRL_X0Y0        BUFG (Prop_bufg_I_O)         0.096     3.685 r  aclk_IBUF_BUFG_inst/O
                         net (fo=8874, routed)        1.953     5.638    fully_connected/aclk_IBUF_BUFG
    SLICE_X22Y200        FDRE                                         r  fully_connected/out_idx_reg[0]_rep__0/C
  -------------------------------------------------------------------    -------------------
    SLICE_X22Y200        FDRE (Prop_fdre_C_Q)         0.478     6.116 r  fully_connected/out_idx_reg[0]_rep__0/Q
                         net (fo=190, routed)         2.570     8.686    fully_connected/out_idx_reg[0]_rep__0_n_0
    SLICE_X54Y199        LUT2 (Prop_lut2_I0_O)        0.323     9.009 r  fully_connected/g5_b7_i_1/O
                         net (fo=104, routed)         2.005    11.015    fully_connected/g5_b7_i_1_n_0
    SLICE_X50Y208        LUT2 (Prop_lut2_I0_O)        0.332    11.347 r  fully_connected/g4_b2__0/O
                         net (fo=82, routed)          7.939    19.286    fully_connected/g4_b2__0_n_0
    SLICE_X115Y210       LUT5 (Prop_lut5_I0_O)        0.124    19.410 r  fully_connected/p_0_out_inferred__46/calc_out_tmp01_i_15/O
                         net (fo=1, routed)           0.263    19.673    fully_connected/p_0_out_inferred__46/calc_out_tmp01_i_15_n_0
    SLICE_X115Y210       LUT6 (Prop_lut6_I0_O)        0.124    19.797 r  fully_connected/p_0_out_inferred__46/calc_out_tmp01_i_7/O
                         net (fo=1, routed)           1.445    21.242    fully_connected/p_0_out_inferred__46/calc_out_tmp01_i_7_n_0
    DSP48_X7Y84          DSP48E1 (Prop_dsp48e1_B[1]_P[19])
                                                      3.656    24.898 r  fully_connected/calc_out_tmp01/P[19]
                         net (fo=29, routed)          0.996    25.894    fully_connected/calc_out_tmp01_n_86
    DSP48_X7Y85          DSP48E1                                      r  fully_connected/calc_out_tmp0_reg/C[22]
  -------------------------------------------------------------------    -------------------

                         (clock sys_clk_pin rise edge)
                                                     55.000    55.000 r  
    R4                                                0.000    55.000 r  aclk (IN)
                         net (fo=0)                   0.000    55.000    aclk
    R4                   IBUF (Prop_ibuf_I_O)         1.405    56.405 r  aclk_IBUF_inst/O
                         net (fo=1, routed)           2.004    58.409    aclk_IBUF
    BUFGCTRL_X0Y0        BUFG (Prop_bufg_I_O)         0.091    58.500 r  aclk_IBUF_BUFG_inst/O
                         net (fo=8874, routed)        1.901    60.400    fully_connected/aclk_IBUF_BUFG
    DSP48_X7Y85          DSP48E1                                      r  fully_connected/calc_out_tmp0_reg/CLK
                         clock pessimism              0.201    60.601    
                         clock uncertainty           -0.035    60.566    
    DSP48_X7Y85          DSP48E1 (Setup_dsp48e1_CLK_C[22])
                                                     -1.701    58.865    fully_connected/calc_out_tmp0_reg
  -------------------------------------------------------------------
                         required time                         58.865    
                         arrival time                         -25.894    
  -------------------------------------------------------------------
                         slack                                 32.971    





Min Delay Paths
--------------------------------------------------------------------------------------
Slack (MET) :             0.034ns  (arrival time - required time)
  Source:                 conv2_layer/conv2_calc_2/calc_out_1_tmp16_reg[13]/C
                            (rising edge-triggered cell FDRE clocked by sys_clk_pin  {rise@0.000ns fall@27.500ns period=55.000ns})
  Destination:            conv2_layer/conv2_calc_2/calc_out_1_tmp20_reg[13]/D
                            (rising edge-triggered cell FDRE clocked by sys_clk_pin  {rise@0.000ns fall@27.500ns period=55.000ns})
  Path Group:             sys_clk_pin
  Path Type:              Hold (Min at Fast Process Corner)
  Requirement:            0.000ns  (sys_clk_pin rise@0.000ns - sys_clk_pin rise@0.000ns)
  Data Path Delay:        0.407ns  (logic 0.251ns (61.603%)  route 0.156ns (38.397%))
  Logic Levels:           2  (CARRY4=1 LUT2=1)
  Clock Path Skew:        0.269ns (DCD - SCD - CPR)
    Destination Clock Delay (DCD):    2.090ns
    Source Clock Delay      (SCD):    1.573ns
    Clock Pessimism Removal (CPR):    0.248ns

    Location             Delay type                Incr(ns)  Path(ns)    Netlist Resource(s)
  -------------------------------------------------------------------    -------------------
                         (clock sys_clk_pin rise edge)
                                                      0.000     0.000 r  
    R4                                                0.000     0.000 r  aclk (IN)
                         net (fo=0)                   0.000     0.000    aclk
    R4                   IBUF (Prop_ibuf_I_O)         0.243     0.243 r  aclk_IBUF_inst/O
                         net (fo=1, routed)           0.676     0.919    aclk_IBUF
    BUFGCTRL_X0Y0        BUFG (Prop_bufg_I_O)         0.026     0.945 r  aclk_IBUF_BUFG_inst/O
                         net (fo=8874, routed)        0.628     1.573    conv2_layer/conv2_calc_2/aclk_IBUF_BUFG
    SLICE_X15Y149        FDRE                                         r  conv2_layer/conv2_calc_2/calc_out_1_tmp16_reg[13]/C
  -------------------------------------------------------------------    -------------------
    SLICE_X15Y149        FDRE (Prop_fdre_C_Q)         0.141     1.714 r  conv2_layer/conv2_calc_2/calc_out_1_tmp16_reg[13]/Q
                         net (fo=1, routed)           0.156     1.870    conv2_layer/conv2_calc_2/calc_out_1_tmp16_reg_n_0_[13]
    SLICE_X19Y150        LUT2 (Prop_lut2_I1_O)        0.045     1.915 r  conv2_layer/conv2_calc_2/calc_out_1_tmp20[15]_i_4/O
                         net (fo=1, routed)           0.000     1.915    conv2_layer_n_1979
    SLICE_X19Y150        CARRY4 (Prop_carry4_S[1]_O[1])
                                                      0.065     1.980 r  conv2_calc_2/calc_out_1_tmp20_reg[15]_i_1/O[1]
                         net (fo=1, routed)           0.000     1.980    conv2_layer/conv2_calc_2/calc_out_1_tmp20_reg[15]_1[13]
    SLICE_X19Y150        FDRE                                         r  conv2_layer/conv2_calc_2/calc_out_1_tmp20_reg[13]/D
  -------------------------------------------------------------------    -------------------

                         (clock sys_clk_pin rise edge)
                                                      0.000     0.000 r  
    R4                                                0.000     0.000 r  aclk (IN)
                         net (fo=0)                   0.000     0.000    aclk
    R4                   IBUF (Prop_ibuf_I_O)         0.431     0.431 r  aclk_IBUF_inst/O
                         net (fo=1, routed)           0.734     1.165    aclk_IBUF
    BUFGCTRL_X0Y0        BUFG (Prop_bufg_I_O)         0.029     1.194 r  aclk_IBUF_BUFG_inst/O
                         net (fo=8874, routed)        0.897     2.090    conv2_layer/conv2_calc_2/aclk_IBUF_BUFG
    SLICE_X19Y150        FDRE                                         r  conv2_layer/conv2_calc_2/calc_out_1_tmp20_reg[13]/C
                         clock pessimism             -0.248     1.842    
    SLICE_X19Y150        FDRE (Hold_fdre_C_D)         0.105     1.947    conv2_layer/conv2_calc_2/calc_out_1_tmp20_reg[13]
  -------------------------------------------------------------------
                         required time                         -1.947    
                         arrival time                           1.980    
  -------------------------------------------------------------------
                         slack                                  0.034    





Pulse Width Checks
--------------------------------------------------------------------------------------
Clock Name:         sys_clk_pin
Waveform(ns):       { 0.000 27.500 }
Period(ns):         55.000
Sources:            { aclk }

Check Type        Corner  Lib Pin      Reference Pin  Required(ns)  Actual(ns)  Slack(ns)  Location       Pin
Min Period        n/a     DSP48E1/CLK  n/a            3.884         55.000      51.116     DSP48_X0Y69    conv2_layer/conv2_calc_1/calc_out_1_tmp10_reg/CLK
Low Pulse Width   Slow    SRL16E/CLK   n/a            0.980         27.500      26.520     SLICE_X64Y154  conv1_layer/conv1_calc/valid_out_buf_tmp1_reg_srl2___fully_connected_valid_out_fc_tmp2_reg_r/CLK
High Pulse Width  Slow    SRL16E/CLK   n/a            0.980         27.500      26.520     SLICE_X64Y154  conv1_layer/conv1_calc/valid_out_buf_tmp1_reg_srl2___fully_connected_valid_out_fc_tmp2_reg_r/CLK



